Test case: | Login Test | Result: | Passed
Test case: | Login Test | Result: | Passed
